26/04/07 00:11:06 INFO: #FastProtein Software 1.0
26/04/07 00:11:06 INFO: #Developed by Bioinformatic Laboratory - UFSC and IFSC
26/04/07 00:11:06 INFO: #An automated pipeline for proteomic profile analysis
26/04/07 00:11:06 INFO: #Questions and issues: renato.simoes@ifsc.edu.br
26/04/07 00:11:06 INFO: #See more about the project at https://github.com/bioinformatics-ufsc/FastProtein
26/04/07 00:11:06 INFO: 
26/04/07 00:11:06 INFO: Process started time: Tue Apr 07 00:11:06 UTC 2026
26/04/07 00:11:06 INFO: Temporary output folder: /FastProtein/temp/56bfe328-6e2f-43bd-b6a2-a0054d5d01fa
26/04/07 00:11:06 INFO: Final output folder: /data/results_fastprotein
26/04/07 00:11:06 INFO: 
26/04/07 00:11:06 INFO: Proteins in FASTA: 1291
26/04/07 00:11:06 INFO: Proteins viable for analysis: 1273
26/04/07 00:11:06 INFO: Ignored proteins (contains * or X) : 18
26/04/07 00:11:06 INFO: Executing ERRet - Search for Endoplasmic Reticulum Retention sites 
26/04/07 00:11:06 INFO: Executing N-Glyc - Search for N-glycosylation sites
26/04/07 00:11:06 INFO: Executing WoLFPSORT - Subcellular localization prediction
26/04/07 00:17:13 INFO: 	External Command time: 6M7.023S
26/04/07 00:17:13 INFO: 	     FastProtein time: 0.035S
26/04/07 00:17:13 INFO: 	           Total time: 6M7.058S
26/04/07 00:17:13 INFO: Executing TMHMM-2.0c - Search for transmembrane domains
26/04/07 00:17:38 INFO: 	External Command time: 24.513S
26/04/07 00:17:38 INFO: 	     FastProtein time: 0.01S
26/04/07 00:17:38 INFO: 	           Total time: 24.523S
26/04/07 00:17:38 INFO: Executing SignalP-5 - Search for signal peptide
26/04/07 00:17:50 INFO: 	External Command time: 11.924S
26/04/07 00:17:50 INFO: 	     FastProtein time: 0.023S
26/04/07 00:17:50 INFO: 	           Total time: 11.947S
26/04/07 00:17:50 INFO: Executing PredGPI - Search for Glycosylphosphatidylinositol (GPI) domain
26/04/07 00:18:00 INFO: 	External Command time: 9.77S
26/04/07 00:18:00 INFO: 	     FastProtein time: 0.017S
26/04/07 00:18:00 INFO: 	           Total time: 9.787S
26/04/07 00:18:00 INFO: Executing Phobius - Search for signal peptide and transmembrane domains
26/04/07 00:18:32 INFO: 	External Command time: 32.304S
26/04/07 00:18:32 INFO: 	     FastProtein time: 0.017S
26/04/07 00:18:32 INFO: 	           Total time: 32.321S
26/04/07 00:18:32 INFO: Skipping - InterproScan
26/04/07 00:18:32 INFO: Skipping - Search for similarity
26/04/07 00:18:34 INFO: Creating output files: .CSV
26/04/07 00:18:34 INFO: Creating output files: .TSV
26/04/07 00:18:34 INFO: Creating output files: .TXT
26/04/07 00:18:34 INFO: Creating output files: .SEP
26/04/07 00:18:34 INFO: Creating Charts
26/04/07 00:18:37 INFO: Creating ODF (Open Document Format) file 
26/04/07 00:18:37 INFO: Creating XLS (Excel Spreadsheet) file
26/04/07 00:18:37 INFO: 
26/04/07 00:18:37 INFO: Processed proteins: 1273
26/04/07 00:18:37 INFO: Process started at: Tue Apr 07 00:11:06 UTC 2026
26/04/07 00:18:37 INFO: Process ended at: Tue Apr 07 00:18:37 UTC 2026
26/04/07 00:18:37 INFO: General processing time
26/04/07 00:18:37 INFO: 	External Command time: 7M25.534S
26/04/07 00:18:37 INFO: 	     FastProtein time: 6.167S
26/04/07 00:18:37 INFO: 	           Total time: 7M31.701S
26/04/07 00:18:37 INFO: Check out your generated files in /data/results_fastprotein
26/04/07 00:18:37 INFO: Thank you for using FastProtein, we hope it will be useful for your research. Please, cite us!
26/04/07 00:18:37 INFO: 
Moreira RS, Benetti Filho V, Maia GA, Soratto TAT, Kawagoe EK, Russi BC, Miletti LC, Wagner G. 2024.
26/04/07 00:18:37 INFO: FastProtein???an automated software for in silico proteomic analysis.
26/04/07 00:18:37 INFO: PeerJ 12:e18309 https://doi.org/10.7717/peerj.18309
